BL51 BANKED LINKER/LOCATER V5.03                                                        09/10/2012  08:54:55  PAGE 1


BL51 BANKED LINKER/LOCATER V5.03, INVOKED BY:
D:\KEIL\C51\BIN\BL51.EXE .\obj\ÊýÂë¹ÜÑ­»·×óÒÆ.obj TO .\obj\ÊýÂë¹ÜÑ­»·×óÒÆ PRINT (.\obj\ÊýÂë¹ÜÑ­»·×óÒÆ.m51) RAMSIZE (256)
>> 


MEMORY MODEL: SMALL


INPUT MODULES INCLUDED:
  .\obj\ÊýÂë¹ÜÑ­»·×óÒÆ.obj (ÊýÂë_ÜÑ_»_×óÒÆ)
  D:\KEIL\C51\LIB\C51S.LIB (?C_STARTUP)
  D:\KEIL\C51\LIB\C51S.LIB (?C?CLDPTR)
  D:\KEIL\C51\LIB\C51S.LIB (?C?CSTPTR)


LINK MAP OF MODULE:  .\obj\ÊýÂë¹ÜÑ­»·×óÒÆ (ÊýÂë_ÜÑ_»_×óÒÆ)


            TYPE    BASE      LENGTH    RELOCATION   SEGMENT NAME
            -----------------------------------------------------

            * * * * * * *   D A T A   M E M O R Y   * * * * * * *
            REG     0000H     0008H     ABSOLUTE     "REG BANK 0"
            DATA    0008H     000EH     UNIT         _DATA_GROUP_
            DATA    0016H     000AH     UNIT         ?DT?ÊýÂë_ÜÑ_»_×óÒÆ
            IDATA   0020H     0001H     UNIT         ?STACK

            * * * * * * *   C O D E   M E M O R Y   * * * * * * *
            CODE    0000H     0003H     ABSOLUTE     
            CODE    0003H     0101H     UNIT         ?PR?MAIN?ÊýÂë_ÜÑ_»_×óÒÆ
            CODE    0104H     0032H     UNIT         ?PR?_DISPLAY?ÊýÂë_ÜÑ_»_×óÒÆ
            CODE    0136H     002BH     UNIT         ?C?LIB_CODE
            CODE    0161H     0012H     UNIT         ?CO?ÊýÂë_ÜÑ_»_×óÒÆ
            CODE    0173H     000CH     UNIT         ?C_C51STARTUP
            CODE    017FH     000AH     UNIT         ?PR?_DELAY?ÊýÂë_ÜÑ_»_×óÒÆ



OVERLAY MAP OF MODULE:   .\obj\ÊýÂë¹ÜÑ­»·×óÒÆ (ÊýÂë_ÜÑ_»_×óÒÆ)


SEGMENT                               DATA_GROUP 
  +--> CALLED SEGMENT               START    LENGTH
---------------------------------------------------
?C_C51STARTUP                       -----    -----
  +--> ?PR?MAIN?ÊýÂë_ÜÑ_»_×óÒÆ

?PR?MAIN?ÊýÂë_ÜÑ_»_×óÒÆ             0008H    000EH
  +--> ?CO?ÊýÂë_ÜÑ_»_×óÒÆ
  +--> ?PR?_DISPLAY?ÊýÂë_ÜÑ_»_×óÒÆ

?PR?_DISPLAY?ÊýÂë_ÜÑ_»_×óÒÆ         -----    -----
  +--> ?CO?ÊýÂë_ÜÑ_»_×óÒÆ
  +--> ?PR?_DELAY?ÊýÂë_ÜÑ_»_×óÒÆ



SYMBOL TABLE OF MODULE:  .\obj\ÊýÂë¹ÜÑ­»·×óÒÆ (ÊýÂë_ÜÑ_»_×óÒÆ)
BL51 BANKED LINKER/LOCATER V5.03                                                      09/10/2012  08:54:55  PAGE 2



  VALUE           TYPE          NAME
  ----------------------------------

  -------         MODULE        ÊýÂë_ÜÑ_»_×óÒÆ
  C:0000H         SYMBOL        _ICE_DUMMY_
  D:0080H         PUBLIC        P0
  D:0090H         PUBLIC        P1
  D:00A0H         PUBLIC        P2
  D:00B0H         PUBLIC        P3
  D:00A8H         PUBLIC        IE
  D:0016H         PUBLIC        TempData
  D:00B8H         PUBLIC        IP
  B:00A0H.2       PUBLIC        LATCH1
  B:00A0H.3       PUBLIC        LATCH2
  C:0003H         PUBLIC        main
  D:0098H         PUBLIC        SCON
  D:0088H         PUBLIC        TCON
  C:0104H         PUBLIC        _Display
  C:0161H         PUBLIC        dofly_DuanMa
  C:017FH         PUBLIC        _Delay
  C:016BH         PUBLIC        dofly_WeiMa
  D:00C8H         PUBLIC        T2CON
  D:00D0H         PUBLIC        PSW
  -------         PROC          MAIN
  -------         DO            
  D:0008H         SYMBOL        i
  D:000AH         SYMBOL        j
  D:000CH         SYMBOL        k
  D:000EH         SYMBOL        m
  D:0010H         SYMBOL        pa
  D:0013H         SYMBOL        pb
  -------         ENDDO         
  C:0003H         LINE#         23
  C:0003H         LINE#         24
  C:0003H         LINE#         26
  C:0009H         LINE#         27
  C:001BH         LINE#         29
  C:001BH         LINE#         30
  C:001BH         LINE#         32
  C:0023H         LINE#         33
  C:002CH         LINE#         34
  C:002CH         LINE#         35
  C:0030H         LINE#         36
  C:0047H         LINE#         38
  C:0047H         LINE#         39
  C:0077H         LINE#         41
  C:0081H         LINE#         42
  C:0091H         LINE#         46
  C:00BBH         LINE#         47
  C:00C6H         LINE#         48
  C:00CEH         LINE#         49
  C:00DFH         LINE#         50
  C:00E9H         LINE#         51
  C:00F1H         LINE#         52
  C:00FAH         LINE#         53
  C:00FAH         LINE#         54
BL51 BANKED LINKER/LOCATER V5.03                                                      09/10/2012  08:54:55  PAGE 3


  C:0101H         LINE#         55
  -------         ENDPROC       MAIN
  -------         PROC          _DELAY
  D:0006H         SYMBOL        t
  C:017FH         LINE#         62
  C:017FH         LINE#         63
  C:017FH         LINE#         64
  C:0188H         LINE#         65
  -------         ENDPROC       _DELAY
  -------         PROC          _DISPLAY
  D:0004H         SYMBOL        FirstBit
  D:0005H         SYMBOL        Num
  -------         DO            
  D:0003H         SYMBOL        i
  -------         ENDDO         
  C:0104H         LINE#         72
  C:0106H         LINE#         73
  C:0106H         LINE#         76
  C:010DH         LINE#         77
  C:010DH         LINE#         78
  C:0110H         LINE#         79
  C:0112H         LINE#         80
  C:0114H         LINE#         82
  C:011CH         LINE#         83
  C:011EH         LINE#         84
  C:0120H         LINE#         86
  C:0127H         LINE#         87
  C:0129H         LINE#         88
  C:012BH         LINE#         90
  C:0132H         LINE#         92
  C:0135H         LINE#         94
  -------         ENDPROC       _DISPLAY
  -------         ENDMOD        ÊýÂë_ÜÑ_»_×óÒÆ

  -------         MODULE        ?C?CLDPTR
  C:0136H         PUBLIC        ?C?CLDPTR
  -------         ENDMOD        ?C?CLDPTR

  -------         MODULE        ?C?CSTPTR
  C:014FH         PUBLIC        ?C?CSTPTR
  -------         ENDMOD        ?C?CSTPTR

Program Size: data=33.0 xdata=0 code=393
LINK/LOCATE RUN COMPLETE.  0 WARNING(S),  0 ERROR(S)
