BL51 BANKED LINKER/LOCATER V5.03                                                        05/13/2010  16:47:20  PAGE 1


BL51 BANKED LINKER/LOCATER V5.03, INVOKED BY:
D:\KEIL\C51\BIN\BL51.EXE .\obj\点亮多个led灯方法1.obj TO .\obj\IO输出 PRINT (.\obj\IO输出.m51) RAMSIZE (256)


MEMORY MODEL: SMALL


INPUT MODULES INCLUDED:
  .\obj\点亮多个led灯方法1.obj (_懔羅郷鯨ED_芲絖_1)
  D:\KEIL\C51\LIB\C51S.LIB (?C_STARTUP)


LINK MAP OF MODULE:  .\obj\IO输出 (_懔羅郷鯨ED_芲絖_1)


            TYPE    BASE      LENGTH    RELOCATION   SEGMENT NAME
            -----------------------------------------------------

            * * * * * * *   D A T A   M E M O R Y   * * * * * * *
            REG     0000H     0008H     ABSOLUTE     "REG BANK 0"
            IDATA   0008H     0001H     UNIT         ?STACK

            * * * * * * *   C O D E   M E M O R Y   * * * * * * *
            CODE    0000H     0003H     ABSOLUTE     
            CODE    0003H     0012H     UNIT         ?PR?MAIN?_懔羅郷鯨ED_芲絖_1
            CODE    0015H     000CH     UNIT         ?C_C51STARTUP



OVERLAY MAP OF MODULE:   .\obj\IO输出 (_懔羅郷鯨ED_芲絖_1)


SEGMENT
  +--> CALLED SEGMENT
---------------------
?C_C51STARTUP
  +--> ?PR?MAIN?_懔羅郷鯨ED_芲絖_1



SYMBOL TABLE OF MODULE:  .\obj\IO输出 (_懔羅郷鯨ED_芲絖_1)

  VALUE           TYPE          NAME
  ----------------------------------

  -------         MODULE        _懔羅郷鯨ED_芲絖_1
  C:0000H         SYMBOL        _ICE_DUMMY_
  D:0090H         PUBLIC        P1
  D:00B0H         PUBLIC        P3
  B:0090H.0       PUBLIC        LED0
  B:0090H.1       PUBLIC        LED1
  B:0090H.2       PUBLIC        LED2
  B:0090H.3       PUBLIC        LED3
  B:0090H.4       PUBLIC        LED4
  B:0090H.5       PUBLIC        LED5
  B:0090H.6       PUBLIC        LED6
  B:0090H.7       PUBLIC        LED7
  D:00A8H         PUBLIC        IE
BL51 BANKED LINKER/LOCATER V5.03                                                      05/13/2010  16:47:20  PAGE 2


  D:00B8H         PUBLIC        IP
  C:0003H         PUBLIC        main
  D:0098H         PUBLIC        SCON
  D:0088H         PUBLIC        TCON
  D:00C8H         PUBLIC        T2CON
  D:00D0H         PUBLIC        PSW
  -------         PROC          MAIN
  C:0003H         LINE#         24
  C:0003H         LINE#         25
  C:0003H         LINE#         27
  C:0005H         LINE#         28
  C:0007H         LINE#         29
  C:0009H         LINE#         30
  C:000BH         LINE#         31
  C:000DH         LINE#         32
  C:000FH         LINE#         33
  C:0011H         LINE#         34
  C:0013H         LINE#         35
  C:0013H         LINE#         36
  C:0013H         LINE#         38
  -------         ENDPROC       MAIN
  -------         ENDMOD        _懔羅郷鯨ED_芲絖_1

Program Size: data=9.0 xdata=0 code=33
LINK/LOCATE RUN COMPLETE.  0 WARNING(S),  0 ERROR(S)
