C51 COMPILER V9.01   红蚠_蝊度_芲体                                                        11/24/2017 11:59:36 PAGE 1   


C51 COMPILER V9.01, COMPILATION OF MODULE 红蚠_蝊度_芲体
OBJECT MODULE PLACED IN 红外+温度+气体.OBJ
COMPILER INVOKED BY: I:\Program Files\Keil\C51\BIN\C51.EXE 红外+温度+气体.c BROWSE DEBUG OBJECTEXTEND

line level    source

   1          /********************************************************************
   2          *用温度传感器件DS18B20对温度的采集，并在数码管上显示出来。
   3          ***********************************************************************/
   4          #include<reg52.h>
   5          #include <intrins.h>
   6          #define uchar unsigned char
   7          #define uint  unsigned int
   8          
   9          #define jump_ROM 0xCC
  10          #define start 0x44
  11          #define read_EEROM 0xBE
  12          
  13          sbit DQ = P3^5;            //DS18B20数据口
  14          
  15          unsigned char TMPH,TMPL; 
  16          
  17          uchar code table[10] = {0x3f,0x06,0x5b,0x4f,0x66,0x6d,0x7d,0x07,0x7f,0x6f};
  18          
  19          sbit IRIN = P3^2;         //红外接收器数据线
  20          
  21          uchar IRCOM[7];
  22          
  23          sbit E=P2^3;
  24          sbit RW=P2^4;
  25          sbit RS=P2^5;
  26          
  27          #define LCM_Data  P0
  28          
  29          uchar code  cdis1[ ] = {"  Red Control  "};
  30          uchar code  cdis2[ ] = {"  IR-CODE:--H  "};
  31          
  32          sbit LED=P1^0;            //接LED灯
  33          sbit DOUT=P1^7;     
  34          
  35          /********************************************************************
  36          * 名称 : delay()
  37          * 功能 : 延时,延时时间大概为140US。
  38          * 输入 : 无
  39          * 输出 : 无
  40          ***********************************************************************/
  41          
  42          void delay_1()
  43          {
  44   1              int i,j;
  45   1              for(i=0; i<=10; i++)
  46   1              for(j=0; j<=2; j++)
  47   1      ;
  48   1      }
  49          
  50          /********************************************************************
  51          * 名称 : delay()
  52          * 功能 : 延时函数
  53          * 输入 : 无
  54          * 输出 : 无
  55          ***********************************************************************/
C51 COMPILER V9.01   红蚠_蝊度_芲体                                                        11/24/2017 11:59:36 PAGE 2   

  56          void delay(uint N)
  57          {
  58   1              int i;
  59   1              for(i=0; i<N; i++)
  60   1              ;
  61   1      }
  62          
  63          /********************************************************************
  64          * 名称 : Delay_1ms()
  65          * 功能 : 延时子程序，延时时间为 1ms * x
  66          * 输入 : x (延时一毫秒的个数)
  67          * 输出 : 无
  68          ***********************************************************************/
  69          void Delay_1ms(uint i)//1ms延时
  70          {
  71   1              uchar x,j;
  72   1              for(j=0;j<i;j++)
  73   1              for(x=0;x<=148;x++);    
  74   1      }
  75          /********************************************************************
  76          * 名称 : Reset()
  77          * 功能 : 复位DS18B20
  78          * 输入 : 无
  79          * 输出 : 无
  80          ***********************************************************************/
  81          uchar Reset(void)
  82          {
  83   1              uchar deceive_ready;
  84   1              DQ = 0;
  85   1              delay(29);
  86   1              DQ = 1;
  87   1              delay(3);
  88   1              deceive_ready = DQ;
  89   1              delay(25);
  90   1              return(deceive_ready);
  91   1      }
  92          
  93          /********************************************************************
  94          * 名称 : read_bit()
  95          * 功能 : 从DS18B20读一个位值
  96          * 输入 : 无
  97          * 输出 : 从DS18B20读出的一个位值
  98          ***********************************************************************/
  99          uchar read_bit(void)
 100          {
 101   1              uchar i;
 102   1              DQ = 0;
 103   1              DQ = 1;
 104   1              for(i=0; i<3; i++);
 105   1              return(DQ);
 106   1      }
 107          
 108          /********************************************************************
 109          * 名称 : write_bit()
 110          * 功能 : 向DS18B20写一位
 111          * 输入 : bitval（要对DS18B20写入的位值）
 112          * 输出 : 无
 113          ***********************************************************************/
 114          void write_bit(uchar bitval)
 115          {
 116   1      DQ=0;if(bitval==1)
 117   1      DQ=1;
C51 COMPILER V9.01   红蚠_蝊度_芲体                                                        11/24/2017 11:59:36 PAGE 3   

 118   1      delay(5);
 119   1      DQ=1;
 120   1      }
 121          
 122          /********************************************************************
 123          * 名称 : read_byte()
 124          * 功能 : 从DS18B20读一个字节
 125          * 输入 : 无
 126          * 输出 : 从DS18B20读到的值
 127          ***********************************************************************/
 128          uchar read_byte(void)
 129          {
 130   1              uchar i,m,receive_data;
 131   1              m = 1;
 132   1              receive_data = 0;
 133   1              for(i=0; i<8; i++)
 134   1              {
 135   2                      if(read_bit())
 136   2                      {
 137   3                              receive_data = receive_data + (m << i);
 138   3                      }
 139   2                      delay(6);
 140   2              }
 141   1              return(receive_data);
 142   1      }
 143          
 144          /********************************************************************
 145          * 名称 : write_byte()
 146          * 功能 : 向DS18B20写一个字节
 147          * 输入 : val（要对DS18B20写入的命令值）
 148          * 输出 : 无
 149          ***********************************************************************/
 150          void write_byte(uchar val)
 151          {
 152   1              uchar i,temp;
 153   1              for(i=0; i<8; i++)
 154   1              {
 155   2                      temp = val >> i;
 156   2                      temp = temp & 0x01;
 157   2                      write_bit(temp);
 158   2                      delay(5);
 159   2              }
 160   1      }
 161          
 162          //写指令
 163          void WriteCommandLCM(unsigned char ch)
 164          {
 165   1         RS=0;
 166   1         RW=0;
 167   1         E=1;
 168   1         LCM_Data=ch;
 169   1         delay(1);
 170   1         E=0;
 171   1         delay(100);  //delay 40us
 172   1      }
 173          
 174          //写数据
 175          void WriteDataLCM(unsigned char ch)
 176          {  RS=1;
 177   1         RW=0;
 178   1         E=1;
 179   1         LCM_Data=ch;
C51 COMPILER V9.01   红蚠_蝊度_芲体                                                        11/24/2017 11:59:36 PAGE 4   

 180   1         delay(1);
 181   1         E=0;
 182   1         delay(100); //delay 40us
 183   1      }
 184          
 185          void DisplayOneChar(uchar X,uchar Y,uchar DData)
 186          {                                               
 187   1              Y&=1;                                           
 188   1              X&=15;                                          
 189   1              if(Y)X|=0x40;                                   
 190   1              X|=0x80;                        
 191   1              WriteCommandLCM(X);             
 192   1              WriteDataLCM(DData);            
 193   1      }                               
 194          
 195          /*******************************************************************/
 196          /*  LCD初始化设定                                                  */
 197          /*******************************************************************/
 198          void InitLcd()
 199          {
 200   1       WriteCommandLCM(0x30);          //功能设置，设置8位数据接口，
 201   1       WriteCommandLCM(0x30);
 202   1       WriteCommandLCM(0x30);
 203   1       WriteCommandLCM(0x38); //设置工作方式,8位数据接口，两行显示，5*7点阵
 204   1       WriteCommandLCM(0x08); //关显示，关闭显示，关闭光标，关闭闪烁
 205   1       WriteCommandLCM(0x0c); //显示状态设置，开显示，关闭光标与闪烁
 206   1       WriteCommandLCM(0x01); //清屏
 207   1       WriteCommandLCM(0x06); //输入方式设置 ,AC自动增一，画面不动
 208   1      }
 209          
 210          /********************************************************************
 211          * 名称 : Main()
 212          * 功能 : 主函数
 213          * 输入 : 无
 214          * 输出 : 无
 215          ***********************************************************************/
 216          void main()
 217          {
 218   1              //float tt;
 219   1              uint temp;
 220   1              uchar m;
 221   1              
 222   1              DOUT=1;
 223   1              LED=0;
 224   1              P2 = 0x00;    
 225   1          IRIN=1;                    //I/O口初始化
 226   1      
 227   1          delay(10);                 //延时
 228   1          InitLcd();                //初始化LCD             
 229   1      
 230   1           m = 0;
 231   1          while(cdis1[m] != '\0')
 232   1           {                         //显示字符
 233   2             WriteDataLCM(cdis1[m]);
 234   2             m++;
 235   2           }
 236   1      
 237   1          //lcd_pos(0x40);             //设置显示位置为第二行第1个字符
 238   1              WriteCommandLCM(0x40 | 0x80);
 239   1           m = 0;
 240   1          while(cdis2[m] != '\0')
 241   1           {
C51 COMPILER V9.01   红蚠_蝊度_芲体                                                        11/24/2017 11:59:36 PAGE 5   

 242   2             WriteDataLCM(cdis2[m]);      //显示字符
 243   2             m++;
 244   2           }
 245   1         
 246   1      
 247   1              IE = 0x81;                 //允许总中断中断,使能 INT0 外部中断
 248   1              TCON = 0x01;               //触发方式为脉冲负边沿触发
 249   1              
 250   1              while(1)
 251   1              {
 252   2                      Reset();
 253   2                      write_byte(jump_ROM);
 254   2                      write_byte(start);
 255   2                      Reset();
 256   2                      write_byte(jump_ROM);
 257   2                      write_byte(read_EEROM);
 258   2                      TMPL = read_byte();
 259   2                      TMPH = read_byte();
 260   2                      temp = TMPL / 16 + TMPH * 16;
 261   2                      P0 = table[temp/10%10];
 262   2                      P2 = 6;
 263   2                      Delay_1ms(5);
 264   2                      P0 = table[temp%10];
 265   2                      P2 = 7;
 266   2                      Delay_1ms(5);
 267   2      
 268   2                      if(DOUT==0)
 269   2                      {
 270   3                              delay(100);     
 271   3                              if(DOUT==0)
 272   3                          {
 273   4                                  LED=1;         
 274   4                                      delay(300);
 275   4                                      DOUT=1;
 276   4                                      LED=0;
 277   4                               }
 278   3                      }
 279   2              }
 280   1      }
 281          
 282          
 283          /**********************************************************/
 284          void IR_IN() interrupt 0 using 0
 285          {
 286   1        unsigned char j,k,N=0;
 287   1           EX0 = 0;   
 288   1               delay(200);
 289   1               if (IRIN==1) 
 290   1           { EX0 =1;
 291   2                 return;
 292   2                } 
 293   1                                 //确认IR信号出现
 294   1        while (!IRIN)            //等IR变为高电平，跳过9ms的前导低电平信号。
 295   1          {delay(13);}
 296   1      
 297   1       for (j=0;j<4;j++)         //收集四组数据
 298   1       { 
 299   2        for (k=0;k<8;k++)        //每组数据有8位
 300   2        {
 301   3         while (IRIN)            //等 IR 变为低电平，跳过4.5ms的前导高电平信号。
 302   3           {delay(13);}
 303   3          while (!IRIN)          //等 IR 变为高电平
C51 COMPILER V9.01   红蚠_蝊度_芲体                                                        11/24/2017 11:59:36 PAGE 6   

 304   3           {delay(13);}
 305   3           while (IRIN)           //计算IR高电平时长
 306   3            {
 307   4         delay(13);
 308   4          N++;           
 309   4          if (N>=30)
 310   4               { EX0=1;
 311   5               return;}                  //0.14ms计数过长自动离开。
 312   4            }                        //高电平计数完毕                
 313   3           IRCOM[j]=IRCOM[j] >> 1;                  //数据最高位补“0”
 314   3           if (N>=8) {IRCOM[j] = IRCOM[j] | 0x80;}  //数据最高位补“1”
 315   3           N=0;
 316   3        }//end for k
 317   2       }//end for j
 318   1         
 319   1         if (IRCOM[2]!=~IRCOM[3])
 320   1         { EX0=1;
 321   2           return; }
 322   1      
 323   1         IRCOM[5]=IRCOM[2] & 0x0F;     //取键码的低四位
 324   1         IRCOM[6]=IRCOM[2] >> 4;       //右移4次，高四位变为低四位
 325   1      
 326   1         if(IRCOM[5]>9)
 327   1          { IRCOM[5]=IRCOM[5]+0x37;}
 328   1         else
 329   1                IRCOM[5]=IRCOM[5]+0x30;
 330   1      
 331   1         if(IRCOM[6]>9)
 332   1          { IRCOM[6]=IRCOM[6]+0x37;}
 333   1         else
 334   1                IRCOM[6]=IRCOM[6]+0x30;
 335   1      
 336   1                 
 337   1           DisplayOneChar(10,1,IRCOM[6]);          //第一位数显示         
 338   1           DisplayOneChar(11,1,IRCOM[5]);        //第二位数显示
 339   1      
 340   1           EX0 = 1; 
 341   1      } 


MODULE INFORMATION:   STATIC OVERLAYABLE
   CODE SIZE        =    751    ----
   CONSTANT SIZE    =     42    ----
   XDATA SIZE       =   ----    ----
   PDATA SIZE       =   ----    ----
   DATA SIZE        =      9       3
   IDATA SIZE       =   ----    ----
   BIT SIZE         =   ----    ----
END OF MODULE INFORMATION.


C51 COMPILATION COMPLETE.  0 WARNING(S),  0 ERROR(S)
