C51 COMPILER V9.01   LCD                                                                   07/05/2016 14:30:32 PAGE 1   


C51 COMPILER V9.01, COMPILATION OF MODULE LCD
OBJECT MODULE PLACED IN LCD.OBJ
COMPILER INVOKED BY: C:\Keil\C51\BIN\C51.EXE LCD.C BROWSE DEBUG OBJECTEXTEND

line level    source

   1          /*实验名称：字符型LCD接口实验 */
   2          #include <reg51.h>
   3          #include  <math.h>    //Keil library  
   4          #include  <stdio.h>   //Keil library    
   5          #include  <INTRINS.H>
   6          
   7          sbit E=P2^3;
   8          sbit RW=P2^4;
   9          sbit RS=P2^5;
  10          
  11          #define LCM_Data  P0
  12          
  13          #define   uchar unsigned char
  14          
  15          
  16          //延时设置
  17          void Delay(unsigned int t)   // delay 40us
  18          {
  19   1       for(;t!=0;t--) ;
  20   1      }
  21          
  22          //写指令
  23          void WriteCommandLCM(unsigned char ch)
  24          {
  25   1         RS=0;
  26   1         RW=0;
  27   1         E=1;
  28   1         LCM_Data=ch;
  29   1         Delay(1);
  30   1         E=0;
  31   1         Delay(100);  //delay 40us
  32   1      }
  33          
  34          //写数据
  35          void WriteDataLCM(unsigned char ch)
  36          {  RS=1;
  37   1         RW=0;
  38   1         E=1;
  39   1         LCM_Data=ch;
  40   1         Delay(1);
  41   1         E=0;
  42   1         Delay(100); //delay 40us
  43   1      }
  44                                                  
  45          
  46          //LCD初始化
  47          void InitLcd()
  48          {WriteCommandLCM(0x30);          //功能设置，设置8位数据接口，
  49   1       WriteCommandLCM(0x30);
  50   1       WriteCommandLCM(0x30);
  51   1       WriteCommandLCM(0x38); //设置工作方式,8位数据接口，两行显示，5*7点阵
  52   1       WriteCommandLCM(0x08); //关显示，关闭显示，关闭光标，关闭闪烁
  53   1       WriteCommandLCM(0x0c); //显示状态设置，开显示，关闭光标与闪烁
  54   1       WriteCommandLCM(0x01); //清屏
  55   1       WriteCommandLCM(0x06); //输入方式设置 ,AC自动增一，画面不动
C51 COMPILER V9.01   LCD                                                                   07/05/2016 14:30:32 PAGE 2   

  56   1      }
  57          
  58          //=============================================
  59          void DisplayMsg1(uchar *p)
  60          { 
  61   1       unsigned char count;
  62   1       WriteCommandLCM(0x80);  //设置DDRAM地址
  63   1       for(count=0;count<16;count++)
  64   1          {WriteDataLCM(*p++);
  65   2              }
  66   1      } 
  67          //=============================================
  68          void DisplayMsg2(uchar *p)
  69          { 
  70   1       unsigned char count;
  71   1       WriteCommandLCM(0xc0);  //设置DDRAM地址
  72   1       for(count=0;count<16;count++)
  73   1          {WriteDataLCM(*p++);
  74   2              }
  75   1      }
  76          
  77          //=============================================
  78          main()
  79          {
  80   1       char msg1[16]="   STC89C52RD   ";
  81   1       char msg2[16]="  LCD1602 DEMO  ";
  82   1       InitLcd();
  83   1       DisplayMsg1(msg1);
  84   1       DisplayMsg2(msg2);
  85   1       while(1);       
  86   1      }


MODULE INFORMATION:   STATIC OVERLAYABLE
   CODE SIZE        =    223    ----
   CONSTANT SIZE    =     32    ----
   XDATA SIZE       =   ----    ----
   PDATA SIZE       =   ----    ----
   DATA SIZE        =   ----      38
   IDATA SIZE       =   ----    ----
   BIT SIZE         =   ----    ----
END OF MODULE INFORMATION.


C51 COMPILATION COMPLETE.  0 WARNING(S),  0 ERROR(S)
