BL51 BANKED LINKER/LOCATER V5.03                                                        05/19/2010  23:18:43  PAGE 1


BL51 BANKED LINKER/LOCATER V5.03, INVOKED BY:
D:\KEIL\C51\BIN\BL51.EXE .\obj\外部中断0电平触发.obj TO .\obj\外部中断0电平触发 PRINT (.\obj\外部中断0电平触发.m51) RAMS
>> IZE (256)


MEMORY MODEL: SMALL


INPUT MODULES INCLUDED:
  .\obj\外部中断0电平触发.obj (外部謃__0_缙絖_)
  D:\KEIL\C51\LIB\C51S.LIB (?C_STARTUP)


LINK MAP OF MODULE:  .\obj\外部中断0电平触发 (外部謃__0_缙絖_)


            TYPE    BASE      LENGTH    RELOCATION   SEGMENT NAME
            -----------------------------------------------------

            * * * * * * *   D A T A   M E M O R Y   * * * * * * *
            REG     0000H     0008H     ABSOLUTE     "REG BANK 0"
            IDATA   0008H     0001H     UNIT         ?STACK

            * * * * * * *   C O D E   M E M O R Y   * * * * * * *
            CODE    0000H     0003H     ABSOLUTE     
            CODE    0003H     0003H     ABSOLUTE     
            CODE    0006H     000CH     UNIT         ?C_C51STARTUP
            CODE    0012H     000BH     UNIT         ?PR?MAIN?外部謃__0_缙絖_
            CODE    001DH     0004H     UNIT         ?PR?ISR_KEY?外部謃__0_缙絖_



OVERLAY MAP OF MODULE:   .\obj\外部中断0电平触发 (外部謃__0_缙絖_)


SEGMENT
  +--> CALLED SEGMENT
---------------------
?C_C51STARTUP
  +--> ?PR?MAIN?外部謃__0_缙絖_



SYMBOL TABLE OF MODULE:  .\obj\外部中断0电平触发 (外部謃__0_缙絖_)

  VALUE           TYPE          NAME
  ----------------------------------

  -------         MODULE        外部謃__0_缙絖_
  C:0000H         SYMBOL        _ICE_DUMMY_
  D:0090H         PUBLIC        P1
  D:00B0H         PUBLIC        P3
  B:00A8H.7       PUBLIC        EA
  D:00A8H         PUBLIC        IE
  D:00B8H         PUBLIC        IP
  C:0012H         PUBLIC        main
  D:0098H         PUBLIC        SCON
  D:0088H         PUBLIC        TCON
BL51 BANKED LINKER/LOCATER V5.03                                                      05/19/2010  23:18:43  PAGE 2


  B:00A8H.0       PUBLIC        EX0
  B:0088H.0       PUBLIC        IT0
  D:00C8H         PUBLIC        T2CON
  C:001DH         PUBLIC        ISR_Key
  D:00D0H         PUBLIC        PSW
  -------         PROC          MAIN
  C:0012H         LINE#         15
  C:0012H         LINE#         16
  C:0012H         LINE#         17
  C:0015H         LINE#         18
  C:0017H         LINE#         19
  C:0019H         LINE#         20
  C:001BH         LINE#         21
  C:001BH         LINE#         22
  C:001BH         LINE#         24
  -------         ENDPROC       MAIN
  -------         PROC          ISR_KEY
  C:001DH         LINE#         29
  C:001DH         LINE#         31
  C:0020H         LINE#         32
  -------         ENDPROC       ISR_KEY
  -------         ENDMOD        外部謃__0_缙絖_

Program Size: data=9.0 xdata=0 code=33
LINK/LOCATE RUN COMPLETE.  0 WARNING(S),  0 ERROR(S)
