C51 COMPILER V9.01   LCD                                                                   07/05/2016 14:35:03 PAGE 1   


C51 COMPILER V9.01, COMPILATION OF MODULE LCD
OBJECT MODULE PLACED IN LCD.OBJ
COMPILER INVOKED BY: C:\Keil\C51\BIN\C51.EXE LCD.C BROWSE DEBUG OBJECTEXTEND

line level    source

   1          //实验名称：字符型LCD接口实验 
   2          #include <reg51.h>
   3          #include  <math.h>    //Keil library  
   4          #include  <stdio.h>   //Keil library    
   5          #include  <INTRINS.H>
   6          
   7          sbit E=P2^3;
   8          sbit RW=P2^4;
   9          sbit RS=P2^5;
  10          
  11          #define LCM_Data  P0
  12          
  13          #define   uchar unsigned char
  14          #define   uint unsigned int     
  15          
  16          sbit      SCL=P1^0;      //IIC时钟引脚定义
  17          sbit      SDA=P1^1;      //IIC数据引脚定义
  18          
  19          #define   SlaveAddress   0x46 //定义器件在IIC总线中的从地址,根据ALT  ADDRESS地址引脚不同修改
  20                                        //ALT  ADDRESS引脚接地时地址为0x46，接电源时地址为0xB8
  21          typedef   unsigned char BYTE;
  22          typedef   unsigned short WORD;
  23          
  24          BYTE    BUF[8];                         //接收数据缓存区        
  25          uchar   ge,shi,bai,qian,wan;            //显示变量
  26          int     dis_data;                       //变量
  27          
  28          
  29          //延时设置
  30          void Delay(unsigned int t)   // delay 40us
  31          {
  32   1       for(;t!=0;t--) ;
  33   1      }
  34          
  35          //写指令
  36          void WriteCommandLCM(unsigned char ch)
  37          {
  38   1         RS=0;
  39   1         RW=0;
  40   1         E=1;
  41   1         LCM_Data=ch;
  42   1         Delay(1);
  43   1         E=0;
  44   1         Delay(100);  //delay 40us
  45   1      }
  46          
  47          //写数据
  48          void WriteDataLCM(unsigned char ch)
  49          {  RS=1;
  50   1         RW=0;
  51   1         E=1;
  52   1         LCM_Data=ch;
  53   1         Delay(1);
  54   1         E=0;
  55   1         Delay(100); //delay 40us
C51 COMPILER V9.01   LCD                                                                   07/05/2016 14:35:03 PAGE 2   

  56   1      }
  57          
  58          void DisplayOneChar(uchar X,uchar Y,uchar DData)
  59          {                                               
  60   1              Y&=1;                                           
  61   1              X&=15;                                          
  62   1              if(Y)X|=0x40;                                   
  63   1              X|=0x80;                        
  64   1              WriteCommandLCM(X);             
  65   1              WriteDataLCM(DData);            
  66   1      }                                       
  67          
  68          
  69          //*********************************************************
  70          void conversion(uint temp_data)  //  数据转换出 个，十，百，千，万
  71          {  
  72   1          wan=temp_data/10000+0x30 ;
  73   1          temp_data=temp_data%10000;   //取余运算
  74   1              qian=temp_data/1000+0x30 ;
  75   1          temp_data=temp_data%1000;    //取余运算
  76   1          bai=temp_data/100+0x30   ;
  77   1          temp_data=temp_data%100;     //取余运算
  78   1          shi=temp_data/10+0x30    ;
  79   1          temp_data=temp_data%10;      //取余运算
  80   1          ge=temp_data+0x30;  
  81   1      }
  82          
  83          //毫秒延时**************************
  84          void delay_nms(unsigned int k)  
  85          {                                               
  86   1      unsigned int i,j;                               
  87   1      for(i=0;i<k;i++)
  88   1      {                       
  89   2      for(j=0;j<121;j++)                      
  90   2      {;}}                                            
  91   1      }
  92          
  93          /**************************************
  94          延时5微秒(STC90C52RC@12M)
  95          不同的工作环境,需要调整此函数，注意时钟过快时需要修改
  96          当改用1T的MCU时,请调整此延时函数
  97          **************************************/
  98          void Delay5us()
  99          {
 100   1          _nop_();_nop_();_nop_();_nop_();
 101   1          _nop_();_nop_();_nop_();_nop_();
 102   1              _nop_();_nop_();_nop_();_nop_();
 103   1              _nop_();_nop_();_nop_();_nop_();
 104   1      }
 105          
 106          /**************************************
 107          延时5毫秒(STC90C52RC@12M)
 108          不同的工作环境,需要调整此函数
 109          当改用1T的MCU时,请调整此延时函数
 110          **************************************/
 111          void Delay5ms()
 112          {
 113   1          WORD n = 560;
 114   1      
 115   1          while (n--);
 116   1      }
 117          
C51 COMPILER V9.01   LCD                                                                   07/05/2016 14:35:03 PAGE 3   

 118          /**************************************
 119          起始信号
 120          **************************************/
 121          void BH1750_Start()
 122          {
 123   1          SDA = 1;                    //拉高数据线
 124   1          SCL = 1;                    //拉高时钟线
 125   1          Delay5us();                 //延时
 126   1          SDA = 0;                    //产生下降沿
 127   1          Delay5us();                 //延时
 128   1          SCL = 0;                    //拉低时钟线
 129   1      }
 130          
 131          /**************************************
 132          停止信号
 133          **************************************/
 134          void BH1750_Stop()
 135          {
 136   1          SDA = 0;                    //拉低数据线
 137   1          SCL = 1;                    //拉高时钟线
 138   1          Delay5us();                 //延时
 139   1          SDA = 1;                    //产生上升沿
 140   1          Delay5us();                 //延时
 141   1      }
 142          
 143          /**************************************
 144          发送应答信号
 145          入口参数:ack (0:ACK 1:NAK)
 146          **************************************/
 147          void BH1750_SendACK(bit ack)
 148          {
 149   1          SDA = ack;                  //写应答信号
 150   1          SCL = 1;                    //拉高时钟线
 151   1          Delay5us();                 //延时
 152   1          SCL = 0;                    //拉低时钟线
 153   1          Delay5us();                 //延时
 154   1      }
 155          
 156          /**************************************
 157          接收应答信号
 158          **************************************/
 159          bit BH1750_RecvACK()
 160          {
 161   1          SCL = 1;                    //拉高时钟线
 162   1          Delay5us();                 //延时
 163   1          CY = SDA;                   //读应答信号
 164   1          SCL = 0;                    //拉低时钟线
 165   1          Delay5us();                 //延时
 166   1      
 167   1          return CY;
 168   1      }
 169          
 170          /**************************************
 171          向IIC总线发送一个字节数据
 172          **************************************/
 173          void BH1750_SendByte(BYTE dat)
 174          {
 175   1          BYTE i;
 176   1      
 177   1          for (i=0; i<8; i++)         //8位计数器
 178   1          {
 179   2              dat <<= 1;              //移出数据的最高位
C51 COMPILER V9.01   LCD                                                                   07/05/2016 14:35:03 PAGE 4   

 180   2              SDA = CY;               //送数据口
 181   2              SCL = 1;                //拉高时钟线
 182   2              Delay5us();             //延时
 183   2              SCL = 0;                //拉低时钟线
 184   2              Delay5us();             //延时
 185   2          }
 186   1          BH1750_RecvACK();
 187   1      }
 188          
 189          /**************************************
 190          从IIC总线接收一个字节数据
 191          **************************************/
 192          BYTE BH1750_RecvByte()
 193          {
 194   1          BYTE i;
 195   1          BYTE dat = 0;
 196   1      
 197   1          SDA = 1;                    //使能内部上拉,准备读取数据,
 198   1          for (i=0; i<8; i++)         //8位计数器
 199   1          {
 200   2              dat <<= 1;
 201   2              SCL = 1;                //拉高时钟线
 202   2              Delay5us();             //延时
 203   2              dat |= SDA;             //读数据               
 204   2              SCL = 0;                //拉低时钟线
 205   2              Delay5us();             //延时
 206   2          }
 207   1          return dat;
 208   1      }
 209          
 210          //*********************************
 211          
 212          void Single_Write_BH1750(uchar REG_Address)
 213          {
 214   1          BH1750_Start();                  //起始信号
 215   1          BH1750_SendByte(SlaveAddress);   //发送设备地址+写信号
 216   1          BH1750_SendByte(REG_Address);    //内部寄存器地址，
 217   1        //  BH1750_SendByte(REG_data);       //内部寄存器数据，
 218   1          BH1750_Stop();                   //发送停止信号
 219   1      }
 220          
 221          //********单字节读取*****************************************
 222          /*
 223          uchar Single_Read_BH1750(uchar REG_Address)
 224          {  uchar REG_data;
 225              BH1750_Start();                          //起始信号
 226              BH1750_SendByte(SlaveAddress);           //发送设备地址+写信号
 227              BH1750_SendByte(REG_Address);                   //发送存储单元地址，从0开始 
 228              BH1750_Start();                          //起始信号
 229              BH1750_SendByte(SlaveAddress+1);         //发送设备地址+读信号
 230              REG_data=BH1750_RecvByte();              //读出寄存器数据
 231                  BH1750_SendACK(1);   
 232                  BH1750_Stop();                           //停止信号
 233              return REG_data; 
 234          }
 235          */
 236          //*********************************************************
 237          //
 238          //连续读出BH1750内部数据
 239          //
 240          //*********************************************************
 241          void Multiple_read_BH1750(void)
C51 COMPILER V9.01   LCD                                                                   07/05/2016 14:35:03 PAGE 5   

 242          {   uchar i;    
 243   1          BH1750_Start();                          //起始信号
 244   1          BH1750_SendByte(SlaveAddress+1);         //发送设备地址+读信号
 245   1              
 246   1               for (i=0; i<3; i++)                      //连续读取2个地址数据，存储中BUF
 247   1          {
 248   2              BUF[i] = BH1750_RecvByte();          //BUF[0]存储0x32地址中的数据
 249   2              if (i == 3)
 250   2              {
 251   3      
 252   3                 BH1750_SendACK(1);                //最后一个数据需要回NOACK
 253   3              }
 254   2              else
 255   2              {               
 256   3                BH1750_SendACK(0);                //回应ACK
 257   3             }
 258   2         }
 259   1      
 260   1          BH1750_Stop();                          //停止信号
 261   1          Delay5ms();
 262   1      }
 263          
 264          
 265          //初始化BH1750，根据需要请参考pdf进行修改****
 266          void Init_BH1750()
 267          {
 268   1         Single_Write_BH1750(0x01);  
 269   1      
 270   1      }
 271          
 272          
 273          
 274          //LCD初始化
 275          void InitLcd()
 276          {WriteCommandLCM(0x30);          //功能设置，设置8位数据接口，
 277   1       WriteCommandLCM(0x30);
 278   1       WriteCommandLCM(0x30);
 279   1       WriteCommandLCM(0x38); //设置工作方式,8位数据接口，两行显示，5*7点阵
 280   1       WriteCommandLCM(0x08); //关显示，关闭显示，关闭光标，关闭闪烁
 281   1       WriteCommandLCM(0x0c); //显示状态设置，开显示，关闭光标与闪烁
 282   1       WriteCommandLCM(0x01); //清屏
 283   1       WriteCommandLCM(0x06); //输入方式设置 ,AC自动增一，画面不动
 284   1      }
 285          
 286          
 287          
 288          //=============================================
 289          main()
 290          {
 291   1         float temp;
 292   1         delay_nms(100);          //延时100ms 
 293   1         InitLcd();           //初始化LCD
 294   1         Init_BH1750();       //初始化BH1750
 295   1       
 296   1        while(1)              //循环
 297   1        { 
 298   2      
 299   2          Single_Write_BH1750(0x01);   // power on
 300   2          Single_Write_BH1750(0x10);   // H- resolution mode
 301   2      
 302   2           delay_nms(180);              //延时180ms
 303   2      
C51 COMPILER V9.01   LCD                                                                   07/05/2016 14:35:03 PAGE 6   

 304   2           Multiple_read_BH1750();       //连续读出数据，存储在BUF中
 305   2      
 306   2          dis_data=BUF[0];
 307   2          dis_data=(dis_data<<8)+BUF[1];//合成数据，即光照数据
 308   2          
 309   2          temp=(float)dis_data/1.2;
 310   2      
 311   2          conversion(temp);         //计算数据和显示
 312   2              DisplayOneChar(0,0,'L'); 
 313   2              DisplayOneChar(1,0,'i'); 
 314   2              DisplayOneChar(2,0,'g'); 
 315   2              DisplayOneChar(3,0,'h'); 
 316   2              DisplayOneChar(4,0,'t'); 
 317   2          DisplayOneChar(5,0,':'); 
 318   2      
 319   2          DisplayOneChar(7,0,wan); //显示数据
 320   2          DisplayOneChar(8,0,qian);  
 321   2          DisplayOneChar(9,0,bai); 
 322   2          DisplayOneChar(10,0,shi); 
 323   2              DisplayOneChar(11,0,ge); 
 324   2      
 325   2              DisplayOneChar(13,0,'L'); ////显示数单位
 326   2              DisplayOneChar(14,0,'X');  
 327   2                  
 328   2        }
 329   1      }


MODULE INFORMATION:   STATIC OVERLAYABLE
   CODE SIZE        =    684    ----
   CONSTANT SIZE    =   ----    ----
   XDATA SIZE       =   ----    ----
   PDATA SIZE       =   ----    ----
   DATA SIZE        =     15       4
   IDATA SIZE       =   ----    ----
   BIT SIZE         =   ----       1
END OF MODULE INFORMATION.


C51 COMPILATION COMPLETE.  0 WARNING(S),  0 ERROR(S)
