C51 COMPILER V9.01   红蚠_超蒧波_人体红蚠                                                  11/20/2017 20:46:19 PAGE 1   


C51 COMPILER V9.01, COMPILATION OF MODULE 红蚠_超蒧波_人体红蚠
OBJECT MODULE PLACED IN 红外+超声波+人体红外.OBJ
COMPILER INVOKED BY: I:\Program Files\Keil\C51\BIN\C51.EXE 红外+超声波+人体红外.c BROWSE DEBUG OBJECTEXTEND

line level    source

   1          /********************************************************************************
   2          *          lcd1602显示 遥控键值读取器                                          *
   3          *         lcd1602显示 遥控器接p3.2                                             *
   4          ********************************************************************************/
   5          
   6          #include <reg51.h>
   7          #include <intrins.h>
   8          #include   <STDIO.H>
   9          
  10          #define uchar unsigned char
  11          #define uint  unsigned int
  12          sbit RX=P1^1;
  13          sbit  TX=P1^2;
  14          
  15          sbit IRIN = P3^2;         //红外接收器数据线
  16          
  17          uchar IRCOM[7];
  18          
  19          sbit E=P2^3;
  20          sbit RW=P2^4;
  21          sbit RS=P2^5;
  22          
  23          #define LCM_Data  P0
  24          
  25          uchar code  cdis1[ ] = {"  Red Control  "};
  26          uchar code  cdis2[ ] = {"  IR-CODE:--H  "};
  27          
  28          unsigned int  time=0;
  29          unsigned int  timer=0;
  30          float         S=0;
  31          bit           flag =0;
  32          
  33          //延时设置
  34          void Delay(unsigned int t)   // delay 40us
  35          {
  36   1       for(;t!=0;t--) ;
  37   1      }
  38          
  39          
  40          //写指令
  41          void WriteCommandLCM(unsigned char ch)
  42          {
  43   1         RS=0;
  44   1         RW=0;
  45   1         E=1;
  46   1         LCM_Data=ch;
  47   1         Delay(1);
  48   1         E=0;
  49   1         Delay(100);  //delay 40us
  50   1      }
  51          
  52          //写数据
  53          void WriteDataLCM(unsigned char ch)
  54          {  RS=1;
  55   1         RW=0;
C51 COMPILER V9.01   红蚠_超蒧波_人体红蚠                                                  11/20/2017 20:46:19 PAGE 2   

  56   1         E=1;
  57   1         LCM_Data=ch;
  58   1         Delay(1);
  59   1         E=0;
  60   1         Delay(100); //delay 40us
  61   1      }
  62          
  63          void DisplayOneChar(uchar X,uchar Y,uchar DData)
  64          {                                               
  65   1              Y&=1;                                           
  66   1              X&=15;                                          
  67   1              if(Y)X|=0x40;                                   
  68   1              X|=0x80;                        
  69   1              WriteCommandLCM(X);             
  70   1              WriteDataLCM(DData);            
  71   1      }                               
  72          
  73          /*******************************************************************/
  74          /*  LCD初始化设定                                                  */
  75          /*******************************************************************/
  76          void InitLcd()
  77          {
  78   1       WriteCommandLCM(0x30);          //功能设置，设置8位数据接口，
  79   1       WriteCommandLCM(0x30);
  80   1       WriteCommandLCM(0x30);
  81   1       WriteCommandLCM(0x38); //设置工作方式,8位数据接口，两行显示，5*7点阵
  82   1       WriteCommandLCM(0x08); //关显示，关闭显示，关闭光标，关闭闪烁
  83   1       WriteCommandLCM(0x0c); //显示状态设置，开显示，关闭光标与闪烁
  84   1       WriteCommandLCM(0x01); //清屏
  85   1       WriteCommandLCM(0x06); //输入方式设置 ,AC自动增一，画面不动
  86   1      }
  87          
  88          /********************************************************/
  89          void Conut(void)
  90          {
  91   1       time=TH0*256+TL0;
  92   1       TH0=0;
  93   1       TL0=0;
  94   1       S=(time*1.87)/100;     //算出来是CM
  95   1       if(flag==1)                //超出测量
  96   1       {
  97   2        flag=0;
  98   2        printf("-----\n"); 
  99   2       }
 100   1      
 101   1        printf("S=%f\n",S); 
 102   1      }
 103          /********************************************************/
 104          void zd0() interrupt 1           //T0中断用来计数器溢出,超过测距范围
 105          {
 106   1        flag=1;                                                        //中断溢出标志
 107   1      }
 108          /********************************************************/
 109          void  StartModule()                      //T1中断用来扫描数码管和计800MS启动模块
 110          {
 111   1              TX=1;                                    //800MS  启动一次模块
 112   1              _nop_(); 
 113   1              _nop_(); 
 114   1              _nop_(); 
 115   1              _nop_(); 
 116   1              _nop_(); 
 117   1              _nop_(); 
C51 COMPILER V9.01   红蚠_超蒧波_人体红蚠                                                  11/20/2017 20:46:19 PAGE 3   

 118   1              _nop_(); 
 119   1              _nop_(); 
 120   1              _nop_(); 
 121   1              _nop_(); 
 122   1              _nop_(); 
 123   1              _nop_(); 
 124   1              _nop_(); 
 125   1              _nop_(); 
 126   1              _nop_(); 
 127   1              _nop_(); 
 128   1              _nop_();
 129   1              _nop_(); 
 130   1              _nop_(); 
 131   1              _nop_(); 
 132   1              _nop_();
 133   1              TX=0;
 134   1      }
 135          /********************************************************/
 136          
 137          main()
 138          {
 139   1         uchar m;
 140   1          
 141   1          IRIN=1;                    //I/O口初始化
 142   1      
 143   1          Delay(10);                 //延时
 144   1          InitLcd();                //初始化LCD             
 145   1      
 146   1           m = 0;
 147   1          while(cdis1[m] != '\0')
 148   1           {                         //显示字符
 149   2             WriteDataLCM(cdis1[m]);
 150   2             m++;
 151   2           }
 152   1      
 153   1          //lcd_pos(0x40);             //设置显示位置为第二行第1个字符
 154   1              WriteCommandLCM(0x40 | 0x80);
 155   1           m = 0;
 156   1          while(cdis2[m] != '\0')
 157   1           {
 158   2             WriteDataLCM(cdis2[m]);      //显示字符
 159   2             m++;
 160   2           }
 161   1         
 162   1              TMOD=0x21;                 //设T0为方式1，GATE=1；
 163   1              SCON=0x50;
 164   1              TH1=0xFD;
 165   1              TL1=0xFD;
 166   1              TH0=0;
 167   1              TL0=0; 
 168   1              TR0=1;  
 169   1              ET0=1;             //允许T0中断
 170   1              TR1=1;                     //开启定时器
 171   1              TI=1;
 172   1      
 173   1              EA=1;                      //开启总中断
 174   1              EX0=1;
 175   1              //IE = 0x81;                 //允许总中断中断,使能 INT0 外部中断
 176   1              //TCON = 0x01;               //触发方式为脉冲负边沿触发
 177   1      
 178   1         while(1)
 179   1              {
C51 COMPILER V9.01   红蚠_超蒧波_人体红蚠                                                  11/20/2017 20:46:19 PAGE 4   

 180   2               StartModule();
 181   2               while(!RX);            //当RX为零时等待
 182   2               TR0=1;                     //开启计数
 183   2               while(RX);                     //当RX为1计数并等待
 184   2               TR0=0;                         //关闭计数
 185   2           Conut();                   //计算
 186   2               Delay(100000);         
 187   2              }
 188   1      
 189   1      } //end main
 190          
 191          /**********************************************************/
 192          void IR_IN() interrupt 0 using 0
 193          {
 194   1        unsigned char j,k,N=0;
 195   1           EX0 = 0;   
 196   1               Delay(200);
 197   1               if (IRIN==1) 
 198   1           { EX0 =1;
 199   2                 return;
 200   2                } 
 201   1                                 //确认IR信号出现
 202   1        while (!IRIN)            //等IR变为高电平，跳过9ms的前导低电平信号。
 203   1          {Delay(13);}
 204   1      
 205   1       for (j=0;j<4;j++)         //收集四组数据
 206   1       { 
 207   2        for (k=0;k<8;k++)        //每组数据有8位
 208   2        {
 209   3         while (IRIN)            //等 IR 变为低电平，跳过4.5ms的前导高电平信号。
 210   3           {Delay(13);}
 211   3          while (!IRIN)          //等 IR 变为高电平
 212   3           {Delay(13);}
 213   3           while (IRIN)           //计算IR高电平时长
 214   3            {
 215   4         Delay(13);
 216   4          N++;           
 217   4          if (N>=30)
 218   4               { EX0=1;
 219   5               return;}                  //0.14ms计数过长自动离开。
 220   4            }                        //高电平计数完毕                
 221   3           IRCOM[j]=IRCOM[j] >> 1;                  //数据最高位补“0”
 222   3           if (N>=8) {IRCOM[j] = IRCOM[j] | 0x80;}  //数据最高位补“1”
 223   3           N=0;
 224   3        }//end for k
 225   2       }//end for j
 226   1         
 227   1         if (IRCOM[2]!=~IRCOM[3])
 228   1         { EX0=1;
 229   2           return; }
 230   1      
 231   1         IRCOM[5]=IRCOM[2] & 0x0F;     //取键码的低四位
 232   1         IRCOM[6]=IRCOM[2] >> 4;       //右移4次，高四位变为低四位
 233   1      
 234   1         if(IRCOM[5]>9)
 235   1          { IRCOM[5]=IRCOM[5]+0x37;}
 236   1         else
 237   1                IRCOM[5]=IRCOM[5]+0x30;
 238   1      
 239   1         if(IRCOM[6]>9)
 240   1          { IRCOM[6]=IRCOM[6]+0x37;}
 241   1         else
C51 COMPILER V9.01   红蚠_超蒧波_人体红蚠                                                  11/20/2017 20:46:19 PAGE 5   

 242   1                IRCOM[6]=IRCOM[6]+0x30;
 243   1      
 244   1                 
 245   1           DisplayOneChar(10,1,IRCOM[6]);          //第一位数显示         
 246   1           DisplayOneChar(11,1,IRCOM[5]);        //第二位数显示
 247   1      
 248   1           EX0 = 1; 
 249   1      } 
 250          
 251          
 252          


MODULE INFORMATION:   STATIC OVERLAYABLE
   CODE SIZE        =    555    ----
   CONSTANT SIZE    =     45    ----
   XDATA SIZE       =   ----    ----
   PDATA SIZE       =   ----    ----
   DATA SIZE        =     15       1
   IDATA SIZE       =   ----    ----
   BIT SIZE         =      1    ----
END OF MODULE INFORMATION.


C51 COMPILATION COMPLETE.  0 WARNING(S),  0 ERROR(S)
